// Jest Snapshot v1, https://goo.gl/fbAQLP

exports[`InputChat Component renders 1`] = `
ShallowWrapper {
  "complexSelector": ComplexSelector {
    "buildPredicate": [Function],
    "childrenOfNode": [Function],
    "findWhereUnwrapped": [Function],
  },
  "length": 1,
  "node": <div
    className="inner-input"
>
    <ImageUploadContainer
        enabled={true}
        formatTypes={
            Array [
                "*",
              ]
        }
        imgShape="rectangular"
        maxSize={20}
        multifile={false}
        onChange={[Function]}
        showUploadList={false}
    >
        <UploadImageChatButton />
    </ImageUploadContainer>
    <Input
        autosize={false}
        disabled={false}
        onChange={[Function]}
        onPressEnter={[Function]}
        placeholder=""
        prefixCls="ant-input"
        type="text"
        value=""
    />
</div>,
  "nodes": Array [
    <div
      className="inner-input"
>
      <ImageUploadContainer
            enabled={true}
            formatTypes={
                  Array [
                        "*",
                      ]
            }
            imgShape="rectangular"
            maxSize={20}
            multifile={false}
            onChange={[Function]}
            showUploadList={false}
      >
            <UploadImageChatButton />
      </ImageUploadContainer>
      <Input
            autosize={false}
            disabled={false}
            onChange={[Function]}
            onPressEnter={[Function]}
            placeholder=""
            prefixCls="ant-input"
            type="text"
            value=""
      />
</div>,
  ],
  "options": Object {},
  "renderer": ReactShallowRenderer {
    "_instance": ShallowComponentWrapper {
      "_calledComponentWillUnmount": false,
      "_compositeType": 0,
      "_context": Object {},
      "_currentElement": <InputChatForm
        onSendImageRequest={[Function]}
        onSendMessageRequest={[Function]}
        placeholder=""
/>,
      "_debugID": 1,
      "_hostContainerInfo": null,
      "_hostParent": null,
      "_instance": InputChatForm {
        "_reactInternalInstance": [Circular],
        "context": Object {},
        "handleInputChange": [Function],
        "handleOnPressEnter": [Function],
        "onImageStatusChange": [Function],
        "props": Object {
          "onSendImageRequest": [Function],
          "onSendMessageRequest": [Function],
          "placeholder": "",
        },
        "refs": Object {},
        "state": Object {
          "text": "",
        },
        "updater": Object {
          "enqueueCallback": [Function],
          "enqueueCallbackInternal": [Function],
          "enqueueElementInternal": [Function],
          "enqueueForceUpdate": [Function],
          "enqueueReplaceState": [Function],
          "enqueueSetState": [Function],
          "isMounted": [Function],
          "validateCallback": [Function],
        },
      },
      "_mountOrder": 1,
      "_pendingCallbacks": null,
      "_pendingElement": null,
      "_pendingForceUpdate": false,
      "_pendingReplaceState": false,
      "_pendingStateQueue": null,
      "_renderedComponent": NoopInternalComponent {
        "_currentElement": <div
          className="inner-input"
>
          <ImageUploadContainer
                    enabled={true}
                    formatTypes={
                              Array [
                                        "*",
                                      ]
                    }
                    imgShape="rectangular"
                    maxSize={20}
                    multifile={false}
                    onChange={[Function]}
                    showUploadList={false}
          >
                    <UploadImageChatButton />
          </ImageUploadContainer>
          <Input
                    autosize={false}
                    disabled={false}
                    onChange={[Function]}
                    onPressEnter={[Function]}
                    placeholder=""
                    prefixCls="ant-input"
                    type="text"
                    value=""
          />
</div>,
        "_debugID": 2,
        "_renderedOutput": <div
          className="inner-input"
>
          <ImageUploadContainer
                    enabled={true}
                    formatTypes={
                              Array [
                                        "*",
                                      ]
                    }
                    imgShape="rectangular"
                    maxSize={20}
                    multifile={false}
                    onChange={[Function]}
                    showUploadList={false}
          >
                    <UploadImageChatButton />
          </ImageUploadContainer>
          <Input
                    autosize={false}
                    disabled={false}
                    onChange={[Function]}
                    onPressEnter={[Function]}
                    placeholder=""
                    prefixCls="ant-input"
                    type="text"
                    value=""
          />
</div>,
      },
      "_renderedNodeType": 0,
      "_rootNodeID": 0,
      "_topLevelWrapper": null,
      "_updateBatchNumber": null,
      "_warnedAboutRefsInRender": false,
    },
    "getRenderOutput": [Function],
    "render": [Function],
  },
  "root": [Circular],
  "unrendered": <InputChatForm
    onSendImageRequest={[Function]}
    onSendMessageRequest={[Function]}
    placeholder=""
/>,
}
`;
